2025-07-05 18:04:31 0 [Note] Starting MariaDB 10.4.32-MariaDB source revision c4143f909528e3fab0677a28631d10389354c491 as process 14692
2025-07-05 18:04:31 0 [Note] InnoDB: Mutexes and rw_locks use Windows interlocked functions
2025-07-05 18:04:31 0 [Note] InnoDB: Uses event mutexes
2025-07-05 18:04:31 0 [Note] InnoDB: Compressed tables use zlib 1.3
2025-07-05 18:04:31 0 [Note] InnoDB: Number of pools: 1
2025-07-05 18:04:31 0 [Note] InnoDB: Using SSE2 crc32 instructions
2025-07-05 18:04:31 0 [Note] InnoDB: Initializing buffer pool, total size = 16M, instances = 1, chunk size = 16M
2025-07-05 18:04:31 0 [Note] InnoDB: Completed initialization of buffer pool
2025-07-05 18:04:31 0 [Note] InnoDB: Starting crash recovery from checkpoint LSN=300288
2025-07-05 18:04:31 0 [Note] InnoDB: 128 out of 128 rollback segments are active.
2025-07-05 18:04:31 0 [Note] InnoDB: Removed temporary tablespace data file: "ibtmp1"
2025-07-05 18:04:31 0 [Note] InnoDB: Creating shared tablespace for temporary tables
2025-07-05 18:04:31 0 [Note] InnoDB: Setting file 'D:\xampp\mysql\data\ibtmp1' size to 12 MB. Physically writing the file full; Please wait ...
2025-07-05 18:04:31 0 [Note] InnoDB: File 'D:\xampp\mysql\data\ibtmp1' size is now 12 MB.
2025-07-05 18:04:31 0 [Note] InnoDB: Waiting for purge to start
2025-07-05 18:04:31 0 [Note] InnoDB: 10.4.32 started; log sequence number 300297; transaction id 170
2025-07-05 18:04:31 0 [Note] InnoDB: Loading buffer pool(s) from D:\xampp\mysql\data\ib_buffer_pool
2025-07-05 18:04:31 0 [Note] Plugin 'FEEDBACK' is disabled.
2025-07-05 18:04:31 0 [Note] Server socket created on IP: '::'.
2025-07-05 18:04:31 0 [2025-07-05 20:06:33 0 [Note] Starting MariaDB 10.4.32-MariaDB source revision c4143f909528e3fab0677a28631d10389354c491 as process 8516
2025-07-05 20:06:34 0 [Note] InnoDB: Mutexes and rw_locks use Windows interlocked functions
2025-07-05 20:06:34 0 [Note] InnoDB: Uses event mutexes
2025-07-05 20:06:34 0 [Note] InnoDB: Compressed tables use zlib 1.3
2025-07-05 20:06:34 0 [Note] InnoDB: Number of pools: 1
2025-07-05 20:06:34 0 [Note] InnoDB: Using SSE2 crc32 instructions
2025-07-05 20:06:34 0 [Note] InnoDB: Initializing buffer pool, total size = 16M, instances = 1, chunk size = 16M
2025-07-05 20:06:34 0 [Note] InnoDB: Completed initialization of buffer pool
2025-07-05 20:06:34 0 [Note] InnoDB: Starting crash recovery from checkpoint LSN=322852
2025-07-05 20:06:34 0 [Note] InnoDB: 128 out of 128 rollback segments are active.
2025-07-05 20:06:34 0 [Note] InnoDB: Removed temporary tablespace data file: "ibtmp1"
2025-07-05 20:06:34 0 [Note] InnoDB: Creating shared tablespace for temporary tables
2025-07-05 20:06:34 0 [Note] InnoDB: Setting file 'D:\xampp\mysql\data\ibtmp1' size to 12 MB. Physically writing the file full; Please wait ...
2025-07-05 20:06:34 0 [Note] InnoDB: File 'D:\xampp\mysql\data\ibtmp1' size is now 12 MB.
2025-07-05 20:06:34 0 [Note] InnoDB: Waiting for purge to start
2025-07-05 20:06:34 0 [Note] InnoDB: 10.4.32 started; log sequence number 322861; transaction id 235
2025-07-05 20:06:34 0 [Note] InnoDB: Loading buffer pool(s) from D:\xampp\mysql\data\ib_buffer_pool
2025-07-05 20:06:34 0 [Note] Plugin 'FEEDBACK' is disabled.
2025-07-05 20:06:34 0 [Note] Server socket created on IP: '::'.
2025-07-07 12:23:05 0 [Note] Starting MariaDB 10.4.32-MariaDB source revision c4143f909528e3fab0677a28631d10389354c491 as process 19596
2025-07-07 12:23:05 0 [Note] InnoDB: Mutexes and rw_locks use Windows interlocked functions
2025-07-07 12:23:05 0 [Note] InnoDB: Uses event mutexes
2025-07-07 12:23:05 0 [Note] InnoDB: Compressed tables use zlib 1.3
2025-07-07 12:23:05 0 [Note] InnoDB: Number of pools: 1
2025-07-07 12:23:05 0 [Note] InnoDB: Using SSE2 crc32 instructions
2025-07-07 12:23:05 0 [Note] InnoDB: Initializing buffer pool, total size = 16M, instances = 1, chunk size = 16M
2025-07-07 12:23:05 0 [Note] InnoDB: Completed initialization of buffer pool
2025-07-07 12:23:05 0 [Note] InnoDB: Starting crash recovery from checkpoint LSN=334054
2025-07-07 12:23:05 0 [Note] InnoDB: 128 out of 128 rollback segments are active.
2025-07-07 12:23:05 0 [Note] InnoDB: Removed temporary tablespace data file: "ibtmp1"
2025-07-07 12:23:05 0 [Note] InnoDB: Creating shared tablespace for temporary tables
2025-07-07 12:23:05 0 [Note] InnoDB: Setting file 'D:\xampp\mysql\data\ibtmp1' size to 12 MB. Physically writing the file full; Please wait ...
2025-07-07 12:23:05 0 [Note] InnoDB: File 'D:\xampp\mysql\data\ibtmp1' size is now 12 MB.
2025-07-07 12:23:05 0 [Note] InnoDB: Waiting for purge to start
2025-07-07 12:23:05 0 [Note] InnoDB: 10.4.32 started; log sequence number 334063; transaction id 286
2025-07-07 12:23:05 0 [Note] InnoDB: Loading buffer pool(s) from D:\xampp\mysql\data\ib_buffer_pool
2025-07-07 12:23:05 0 [Note] Plugin 'FEEDBACK' is disabled.
2025-07-07 12:23:05 0 [Note] InnoDB: Buffer pool(s) load completed at 250707 12:23:05
2025-07-07 12:23:05 0 [Note] Server socket created on IP: '::'.
2025-07-07 17:44:05 0 [Note] Starting MariaDB 10.4.32-MariaDB source revision c4143f909528e3fab0677a28631d10389354c491 as process 9900
2025-07-07 17:44:05 0 [Note] InnoDB: Mutexes and rw_locks use Windows interlocked functions
2025-07-07 17:44:05 0 [Note] InnoDB: Uses event mutexes
2025-07-07 17:44:05 0 [Note] InnoDB: Compressed tables use zlib 1.3
2025-07-07 17:44:05 0 [Note] InnoDB: Number of pools: 1
2025-07-07 17:44:05 0 [Note] InnoDB: Using SSE2 crc32 instructions
2025-07-07 17:44:05 0 [Note] InnoDB: Initializing buffer pool, total size = 16M, instances = 1, chunk size = 16M
2025-07-07 17:44:05 0 [Note] InnoDB: Completed initialization of buffer pool
2025-07-07 17:44:05 0 [Note] InnoDB: Starting crash recovery from checkpoint LSN=357537
2025-07-07 17:44:06 0 [Note] InnoDB: 128 out of 128 rollback segments are active.
2025-07-07 17:44:06 0 [Note] InnoDB: Removed temporary tablespace data file: "ibtmp1"
2025-07-07 17:44:06 0 [Note] InnoDB: Creating shared tablespace for temporary tables
2025-07-07 17:44:06 0 [Note] InnoDB: Setting file 'D:\xampp\mysql\data\ibtmp1' size to 12 MB. Physically writing the file full; Please wait ...
2025-07-07 17:44:06 0 [Note] InnoDB: File 'D:\xampp\mysql\data\ibtmp1' size is now 12 MB.
2025-07-07 17:44:06 0 [Note] InnoDB: Waiting for purge to start
2025-07-07 17:44:06 0 [Note] InnoDB: 10.4.32 started; log sequence number 357546; transaction id 379
2025-07-07 17:44:06 0 [Note] InnoDB: Loading buffer pool(s) from D:\xampp\mysql\data\ib_buffer_pool
2025-07-07 17:44:06 0 [Note] Plugin 'FEEDBACK' is disabled.
2025-07-07 17:44:06 0 [Note] InnoDB: Buffer pool(s) load completed at 250707 17:44:06
2025-07-07 17:44:06 0 [Note] Server socket created on IP: '::'.
2025-07-08 11:30:39 0 [Note] Starting MariaDB 10.4.32-MariaDB source revision c4143f909528e3fab0677a28631d10389354c491 as process 14776
2025-07-08 11:30:39 0 [Note] InnoDB: Mutexes and rw_locks use Windows interlocked functions
2025-07-08 11:30:39 0 [Note] InnoDB: Uses event mutexes
2025-07-08 11:30:39 0 [Note] InnoDB: Compressed tables use zlib 1.3
2025-07-08 11:30:39 0 [Note] InnoDB: Number of pools: 1
2025-07-08 11:30:39 0 [Note] InnoDB: Using SSE2 crc32 instructions
2025-07-08 11:30:39 0 [Note] InnoDB: Initializing buffer pool, total size = 16M, instances = 1, chunk size = 16M
2025-07-08 11:30:39 0 [Note] InnoDB: Completed initialization of buffer pool
2025-07-08 11:30:39 0 [Note] InnoDB: Starting crash recovery from checkpoint LSN=360781
2025-07-08 11:30:39 0 [Note] InnoDB: 128 out of 128 rollback segments are active.
2025-07-08 11:30:39 0 [Note] InnoDB: Removed temporary tablespace data file: "ibtmp1"
2025-07-08 11:30:39 0 [Note] InnoDB: Creating shared tablespace for temporary tables
2025-07-08 11:30:39 0 [Note] InnoDB: Setting file 'D:\xampp\mysql\data\ibtmp1' size to 12 MB. Physically writing the file full; Please wait ...
2025-07-08 11:30:39 0 [Note] InnoDB: File 'D:\xampp\mysql\data\ibtmp1' size is now 12 MB.
2025-07-08 11:30:39 0 [Note] InnoDB: Waiting for purge to start
2025-07-08 11:30:39 0 [Note] InnoDB: 10.4.32 started; log sequence number 360790; transaction id 416
2025-07-08 11:30:39 0 [Note] InnoDB: Loading buffer pool(s) from D:\xampp\mysql\data\ib_buffer_pool
2025-07-08 11:30:39 0 [Note] Plugin 'FEEDBACK' is disabled.
2025-07-08 11:30:39 0 [Note] InnoDB: Buffer pool(s) load completed at 250708 11:30:39
2025-07-08 11:30:39 0 [Note] Server socket created on IP: '::'.
2025-07-08 19:00:06 0 [Note] Starting MariaDB 10.4.32-MariaDB source revision c4143f909528e3fab0677a28631d10389354c491 as process 13380
2025-07-08 19:00:06 0 [Note] InnoDB: Mutexes and rw_locks use Windows interlocked functions
2025-07-08 19:00:06 0 [Note] InnoDB: Uses event mutexes
2025-07-08 19:00:06 0 [Note] InnoDB: Compressed tables use zlib 1.3
2025-07-08 19:00:06 0 [Note] InnoDB: Number of pools: 1
2025-07-08 19:00:06 0 [Note] InnoDB: Using SSE2 crc32 instructions
2025-07-08 19:00:06 0 [Note] InnoDB: Initializing buffer pool, total size = 16M, instances = 1, chunk size = 16M
2025-07-08 19:00:06 0 [Note] InnoDB: Completed initialization of buffer pool
2025-07-08 19:00:06 0 [Note] InnoDB: Starting crash recovery from checkpoint LSN=368025
2025-07-08 19:00:06 0 [Note] InnoDB: 128 out of 128 rollback segments are active.
2025-07-08 19:00:06 0 [Note] InnoDB: Removed temporary tablespace data file: "ibtmp1"
2025-07-08 19:00:06 0 [Note] InnoDB: Creating shared tablespace for temporary tables
2025-07-08 19:00:06 0 [Note] InnoDB: Setting file 'D:\xampp\mysql\data\ibtmp1' size to 12 MB. Physically writing the file full; Please wait ...
2025-07-08 19:00:06 0 [Note] InnoDB: File 'D:\xampp\mysql\data\ibtmp1' size is now 12 MB.
2025-07-08 19:00:06 0 [Note] InnoDB: Waiting for purge to start
2025-07-08 19:00:06 0 [Note] InnoDB: 10.4.32 started; log sequence number 368034; transaction id 458
2025-07-08 19:00:06 0 [Note] InnoDB: Loading buffer pool(s) from D:\xampp\mysql\data\ib_buffer_pool
2025-07-08 19:00:06 0 [Note] Plugin 'FEEDBACK' is disabled.
2025-07-08 19:00:06 0 [Note] InnoDB: Buffer pool(s) load completed at 250708 19:00:06
2025-07-08 19:00:06 0 [Note] Server socket created on IP: '::'.
2025-07-08 20:12:48 0 [Note] Starting MariaDB 10.4.32-MariaDB source revision c4143f909528e3fab0677a28631d10389354c491 as process 19212
2025-07-08 20:12:48 0 [Note] InnoDB: Mutexes and rw_locks use Windows interlocked functions
2025-07-08 20:12:48 0 [Note] InnoDB: Uses event mutexes
2025-07-08 20:12:48 0 [Note] InnoDB: Compressed tables use zlib 1.3
2025-07-08 20:12:48 0 [Note] InnoDB: Number of pools: 1
2025-07-08 20:12:48 0 [Note] InnoDB: Using SSE2 crc32 instructions
2025-07-08 20:12:48 0 [Note] InnoDB: Initializing buffer pool, total size = 16M, instances = 1, chunk size = 16M
2025-07-08 20:12:48 0 [Note] InnoDB: Completed initialization of buffer pool
2025-07-08 20:12:48 0 [Note] InnoDB: Starting crash recovery from checkpoint LSN=368025
2025-07-08 20:12:49 0 [Note] InnoDB: 128 out of 128 rollback segments are active.
2025-07-08 20:12:49 0 [Note] InnoDB: Removed temporary tablespace data file: "ibtmp1"
2025-07-08 20:12:49 0 [Note] InnoDB: Creating shared tablespace for temporary tables
2025-07-08 20:12:49 0 [Note] InnoDB: Setting file 'D:\xampp\mysql\data\ibtmp1' size to 12 MB. Physically writing the file full; Please wait ...
2025-07-08 20:12:49 0 [Note] InnoDB: File 'D:\xampp\mysql\data\ibtmp1' size is now 12 MB.
2025-07-08 20:12:49 0 [Note] InnoDB: Waiting for purge to start
2025-07-08 20:12:49 0 [Note] InnoDB: 10.4.32 started; log sequence number 368034; transaction id 458
2025-07-08 20:12:49 0 [Note] Plugin 'FEEDBACK' is disabled.
2025-07-08 20:12:49 0 [Note] InnoDB: Loading buffer pool(s) from D:\xampp\mysql\data\ib_buffer_pool
2025-07-08 20:12:49 0 [Note] InnoDB: Buffer pool(s) load completed at 250708 20:12:49
2025-07-08 20:12:49 0 [Note] Server socket created on IP: '::'.
2025-07-08 20:26:52 0 [Note] Starting MariaDB 10.4.32-MariaDB source revision c4143f909528e3fab0677a28631d10389354c491 as process 5036
2025-07-08 20:26:52 0 [Note] InnoDB: Mutexes and rw_locks use Windows interlocked functions
2025-07-08 20:26:52 0 [Note] InnoDB: Uses event mutexes
2025-07-08 20:26:52 0 [Note] InnoDB: Compressed tables use zlib 1.3
2025-07-08 20:26:52 0 [Note] InnoDB: Number of pools: 1
2025-07-08 20:26:52 0 [Note] InnoDB: Using SSE2 crc32 instructions
2025-07-08 20:26:52 0 [Note] InnoDB: Initializing buffer pool, total size = 16M, instances = 1, chunk size = 16M
2025-07-08 20:26:52 0 [Note] InnoDB: Completed initialization of buffer pool
2025-07-08 20:26:52 0 [Note] InnoDB: Starting crash recovery from checkpoint LSN=368025
2025-07-08 20:26:52 0 [Note] InnoDB: 128 out of 128 rollback segments are active.
2025-07-08 20:26:52 0 [Note] InnoDB: Removed temporary tablespace data file: "ibtmp1"
2025-07-08 20:26:52 0 [Note] InnoDB: Creating shared tablespace for temporary tables
2025-07-08 20:26:52 0 [Note] InnoDB: Setting file 'D:\xampp\mysql\data\ibtmp1' size to 12 MB. Physically writing the file full; Please wait ...
2025-07-08 20:26:52 0 [Note] InnoDB: File 'D:\xampp\mysql\data\ibtmp1' size is now 12 MB.
2025-07-08 20:26:52 0 [Note] InnoDB: Waiting for purge to start
2025-07-08 20:26:53 0 [Note] InnoDB: 10.4.32 started; log sequence number 368043; transaction id 458
2025-07-08 20:26:53 0 [Note] InnoDB: Loading buffer pool(s) from D:\xampp\mysql\data\ib_buffer_pool
2025-07-08 20:26:53 0 [Note] Plugin 'FEEDBACK' is disabled.
2025-07-08 20:26:53 0 [Note] InnoDB: Buffer pool(s) load completed at 250708 20:26:53
2025-07-08 20:26:53 0 [Note] Server socket created on IP: '::'.
2025-07-08 20:26:58 0 [Note] Starting MariaDB 10.4.32-MariaDB source revision c4143f909528e3fab0677a28631d10389354c491 as process 18128
2025-07-08 20:26:58 0 [Note] InnoDB: Mutexes and rw_locks use Windows interlocked functions
2025-07-08 20:26:58 0 [Note] InnoDB: Uses event mutexes
2025-07-08 20:26:58 0 [Note] InnoDB: Compressed tables use zlib 1.3
2025-07-08 20:26:58 0 [Note] InnoDB: Number of pools: 1
2025-07-08 20:26:58 0 [Note] InnoDB: Using SSE2 crc32 instructions
2025-07-08 20:26:58 0 [Note] InnoDB: Initializing buffer pool, total size = 16M, instances = 1, chunk size = 16M
2025-07-08 20:26:58 0 [Note] InnoDB: Completed initialization of buffer pool
2025-07-08 20:26:58 0 [Note] InnoDB: Starting crash recovery from checkpoint LSN=368025
2025-07-08 20:26:58 0 [Note] InnoDB: 128 out of 128 rollback segments are active.
2025-07-08 20:26:58 0 [Note] InnoDB: Removed temporary tablespace data file: "ibtmp1"
2025-07-08 20:26:58 0 [Note] InnoDB: Creating shared tablespace for temporary tables
2025-07-08 20:26:58 0 [Note] InnoDB: Setting file 'D:\xampp\mysql\data\ibtmp1' size to 12 MB. Physically writing the file full; Please wait ...
2025-07-08 20:26:58 0 [Note] InnoDB: File 'D:\xampp\mysql\data\ibtmp1' size is now 12 MB.
2025-07-08 20:26:58 0 [Note] InnoDB: Waiting for purge to start
2025-07-08 20:26:58 0 [Note] InnoDB: 10.4.32 started; log sequence number 368052; transaction id 458
2025-07-08 20:26:58 0 [Note] InnoDB: Loading buffer pool(s) from D:\xampp\mysql\data\ib_buffer_pool
2025-07-08 20:26:58 0 [Note] Plugin 'FEEDBACK' is disabled.
2025-07-08 20:26:58 0 [Note] InnoDB: Buffer pool(s) load completed at 250708 20:26:58
2025-07-08 20:26:58 0 [Note] Server socket created on IP: '::'.
2025-07-08 20:27:03 0 [Note] Starting MariaDB 10.4.32-MariaDB source revision c4143f909528e3fab0677a28631d10389354c491 as process 7232
2025-07-08 20:27:03 0 [Note] InnoDB: Mutexes and rw_locks use Windows interlocked functions
2025-07-08 20:27:03 0 [Note] InnoDB: Uses event mutexes
2025-07-08 20:27:03 0 [Note] InnoDB: Compressed tables use zlib 1.3
2025-07-08 20:27:03 0 [Note] InnoDB: Number of pools: 1
2025-07-08 20:27:03 0 [Note] InnoDB: Using SSE2 crc32 instructions
2025-07-08 20:27:03 0 [Note] InnoDB: Initializing buffer pool, total size = 16M, instances = 1, chunk size = 16M
2025-07-08 20:27:03 0 [Note] InnoDB: Completed initialization of buffer pool
2025-07-08 20:27:03 0 [Note] InnoDB: Starting crash recovery from checkpoint LSN=368025
2025-07-08 20:27:03 0 [Note] InnoDB: 128 out of 128 rollback segments are active.
2025-07-08 20:27:03 0 [Note] InnoDB: Removed temporary tablespace data file: "ibtmp1"
2025-07-08 20:27:03 0 [Note] InnoDB: Creating shared tablespace for temporary tables
2025-07-08 20:27:03 0 [Note] InnoDB: Setting file 'D:\xampp\mysql\data\ibtmp1' size to 12 MB. Physically writing the file full; Please wait ...
2025-07-08 20:27:03 0 [Note] InnoDB: File 'D:\xampp\mysql\data\ibtmp1' size is now 12 MB.
2025-07-08 20:27:03 0 [Note] InnoDB: Waiting for purge to start
2025-07-08 20:27:03 0 [Note] InnoDB: 10.4.32 started; log sequence number 368061; transaction id 458
2025-07-08 20:27:03 0 [Note] InnoDB: Loading buffer pool(s) from D:\xampp\mysql\data\ib_buffer_pool
2025-07-08 20:27:03 0 [Note] Plugin 'FEEDBACK' is disabled.
2025-07-08 20:27:03 0 [Note] InnoDB: Buffer pool(s) load completed at 250708 20:27:03
2025-07-08 20:27:03 0 [Note] Server socket created on IP: '::'.
2025-07-08 20:27:19 0 [Note] Starting MariaDB 10.4.32-MariaDB source revision c4143f909528e3fab0677a28631d10389354c491 as process 17884
2025-07-08 20:27:19 0 [Note] InnoDB: Mutexes and rw_locks use Windows interlocked functions
2025-07-08 20:27:19 0 [Note] InnoDB: Uses event mutexes
2025-07-08 20:27:19 0 [Note] InnoDB: Compressed tables use zlib 1.3
2025-07-08 20:27:19 0 [Note] InnoDB: Number of pools: 1
2025-07-08 20:27:19 0 [Note] InnoDB: Using SSE2 crc32 instructions
2025-07-08 20:27:19 0 [Note] InnoDB: Initializing buffer pool, total size = 16M, instances = 1, chunk size = 16M
2025-07-08 20:27:19 0 [Note] InnoDB: Completed initialization of buffer pool
2025-07-08 20:27:19 0 [Note] InnoDB: Starting crash recovery from checkpoint LSN=368025
2025-07-08 20:27:19 0 [Note] InnoDB: 128 out of 128 rollback segments are active.
2025-07-08 20:27:19 0 [Note] InnoDB: Removed temporary tablespace data file: "ibtmp1"
2025-07-08 20:27:19 0 [Note] InnoDB: Creating shared tablespace for temporary tables
2025-07-08 20:27:19 0 [Note] InnoDB: Setting file 'D:\xampp\mysql\data\ibtmp1' size to 12 MB. Physically writing the file full; Please wait ...
2025-07-08 20:27:19 0 [Note] InnoDB: File 'D:\xampp\mysql\data\ibtmp1' size is now 12 MB.
2025-07-08 20:27:19 0 [Note] InnoDB: Waiting for purge to start
2025-07-08 20:27:19 0 [Note] InnoDB: 10.4.32 started; log sequence number 368070; transaction id 458
2025-07-08 20:27:19 0 [Note] InnoDB: Loading buffer pool(s) from D:\xampp\mysql\data\ib_buffer_pool
2025-07-08 20:27:19 0 [Note] Plugin 'FEEDBACK' is disabled.
2025-07-08 20:27:19 0 [Note] InnoDB: Buffer pool(s) load completed at 250708 20:27:19
2025-07-08 20:27:19 0 [Note] Server socket created on IP: '::'.
2025-07-08 20:27:24 0 [Note] Starting MariaDB 10.4.32-MariaDB source revision c4143f909528e3fab0677a28631d10389354c491 as process 18312
2025-07-08 20:27:24 0 [Note] InnoDB: Mutexes and rw_locks use Windows interlocked functions
2025-07-08 20:27:24 0 [Note] InnoDB: Uses event mutexes
2025-07-08 20:27:24 0 [Note] InnoDB: Compressed tables use zlib 1.3
2025-07-08 20:27:24 0 [Note] InnoDB: Number of pools: 1
2025-07-08 20:27:24 0 [Note] InnoDB: Using SSE2 crc32 instructions
2025-07-08 20:27:24 0 [Note] InnoDB: Initializing buffer pool, total size = 16M, instances = 1, chunk size = 16M
2025-07-08 20:27:24 0 [Note] InnoDB: Completed initialization of buffer pool
2025-07-08 20:27:24 0 [Note] InnoDB: Starting crash recovery from checkpoint LSN=368025
2025-07-08 20:27:24 0 [Note] InnoDB: 128 out of 128 rollback segments are active.
2025-07-08 20:27:24 0 [Note] InnoDB: Removed temporary tablespace data file: "ibtmp1"
2025-07-08 20:27:24 0 [Note] InnoDB: Creating shared tablespace for temporary tables
2025-07-08 20:27:24 0 [Note] InnoDB: Setting file 'D:\xampp\mysql\data\ibtmp1' size to 12 MB. Physically writing the file full; Please wait ...
2025-07-08 20:27:24 0 [Note] InnoDB: File 'D:\xampp\mysql\data\ibtmp1' size is now 12 MB.
2025-07-08 20:27:24 0 [Note] InnoDB: Waiting for purge to start
2025-07-08 20:27:24 0 [Note] InnoDB: 10.4.32 started; log sequence number 368079; transaction id 458
2025-07-08 20:27:24 0 [Note] InnoDB: Loading buffer pool(s) from D:\xampp\mysql\data\ib_buffer_pool
2025-07-08 20:27:24 0 [Note] Plugin 'FEEDBACK' is disabled.
2025-07-08 20:27:24 0 [Note] InnoDB: Buffer pool(s) load completed at 250708 20:27:24
2025-07-08 20:27:24 0 [Note] Server socket created on IP: '::'.
2025-07-08 20:55:44 0 [Note] Starting MariaDB 10.4.32-MariaDB source revision c4143f909528e3fab0677a28631d10389354c491 as process 14988
2025-07-08 20:55:44 0 [Note] InnoDB: Mutexes and rw_locks use Windows interlocked functions
2025-07-08 20:55:44 0 [Note] InnoDB: Uses event mutexes
2025-07-08 20:55:44 0 [Note] InnoDB: Compressed tables use zlib 1.3
2025-07-08 20:55:44 0 [Note] InnoDB: Number of pools: 1
2025-07-08 20:55:44 0 [Note] InnoDB: Using SSE2 crc32 instructions
2025-07-08 20:55:44 0 [Note] InnoDB: Initializing buffer pool, total size = 16M, instances = 1, chunk size = 16M
2025-07-08 20:55:44 0 [Note] InnoDB: Completed initialization of buffer pool
2025-07-08 20:55:44 0 [Note] InnoDB: Starting crash recovery from checkpoint LSN=368025
2025-07-08 20:55:44 0 [Note] InnoDB: 128 out of 128 rollback segments are active.
2025-07-08 20:55:44 0 [Note] InnoDB: Removed temporary tablespace data file: "ibtmp1"
2025-07-08 20:55:44 0 [Note] InnoDB: Creating shared tablespace for temporary tables
2025-07-08 20:55:44 0 [Note] InnoDB: Setting file 'D:\xampp\mysql\data\ibtmp1' size to 12 MB. Physically writing the file full; Please wait ...
2025-07-08 20:55:44 0 [Note] InnoDB: File 'D:\xampp\mysql\data\ibtmp1' size is now 12 MB.
2025-07-08 20:55:44 0 [Note] InnoDB: Waiting for purge to start
2025-07-08 20:55:44 0 [Note] InnoDB: 10.4.32 started; log sequence number 368088; transaction id 458
2025-07-08 20:55:44 0 [Note] InnoDB: Loading buffer pool(s) from D:\xampp\mysql\data\ib_buffer_pool
2025-07-08 20:55:44 0 [Note] Plugin 'FEEDBACK' is disabled.
2025-07-08 20:55:44 0 [Note] InnoDB: Buffer pool(s) load completed at 250708 20:55:44
2025-07-08 20:55:44 0 [Note] Server socket created on IP: '::'.
2025-07-08 20:55:52 0 [Note] Starting MariaDB 10.4.32-MariaDB source revision c4143f909528e3fab0677a28631d10389354c491 as process 22680
2025-07-08 20:55:52 0 [Note] InnoDB: Mutexes and rw_locks use Windows interlocked functions
2025-07-08 20:55:52 0 [Note] InnoDB: Uses event mutexes
2025-07-08 20:55:52 0 [Note] InnoDB: Compressed tables use zlib 1.3
2025-07-08 20:55:52 0 [Note] InnoDB: Number of pools: 1
2025-07-08 20:55:52 0 [Note] InnoDB: Using SSE2 crc32 instructions
2025-07-08 20:55:52 0 [Note] InnoDB: Initializing buffer pool, total size = 16M, instances = 1, chunk size = 16M
2025-07-08 20:55:52 0 [Note] InnoDB: Completed initialization of buffer pool
2025-07-08 20:55:52 0 [Note] InnoDB: Starting crash recovery from checkpoint LSN=368025
2025-07-08 20:55:53 0 [Note] InnoDB: 128 out of 128 rollback segments are active.
2025-07-08 20:55:53 0 [Note] InnoDB: Removed temporary tablespace data file: "ibtmp1"
2025-07-08 20:55:53 0 [Note] InnoDB: Creating shared tablespace for temporary tables
2025-07-08 20:55:53 0 [Note] InnoDB: Setting file 'D:\xampp\mysql\data\ibtmp1' size to 12 MB. Physically writing the file full; Please wait ...
2025-07-08 20:55:53 0 [Note] InnoDB: File 'D:\xampp\mysql\data\ibtmp1' size is now 12 MB.
2025-07-08 20:55:53 0 [Note] InnoDB: Waiting for purge to start
2025-07-08 20:55:53 0 [Note] InnoDB: 10.4.32 started; log sequence number 368097; transaction id 458
2025-07-08 20:55:53 0 [Note] InnoDB: Loading buffer pool(s) from D:\xampp\mysql\data\ib_buffer_pool
2025-07-08 20:55:53 0 [Note] Plugin 'FEEDBACK' is disabled.
2025-07-08 20:55:53 0 [Note] InnoDB: Buffer pool(s) load completed at 250708 20:55:53
2025-07-08 20:55:53 0 [Note] Server socket created on IP: '::'.
2025-07-08 21:01:44 0 [Note] Starting MariaDB 10.4.32-MariaDB source revision c4143f909528e3fab0677a28631d10389354c491 as process 10188
2025-07-08 21:01:44 0 [Note] InnoDB: Mutexes and rw_locks use Windows interlocked functions
2025-07-08 21:01:44 0 [Note] InnoDB: Uses event mutexes
2025-07-08 21:01:44 0 [Note] InnoDB: Compressed tables use zlib 1.3
2025-07-08 21:01:44 0 [Note] InnoDB: Number of pools: 1
2025-07-08 21:01:44 0 [Note] InnoDB: Using SSE2 crc32 instructions
2025-07-08 21:01:44 0 [Note] InnoDB: Initializing buffer pool, total size = 16M, instances = 1, chunk size = 16M
2025-07-08 21:01:44 0 [Note] InnoDB: Completed initialization of buffer pool
2025-07-08 21:01:44 0 [Note] InnoDB: Starting crash recovery from checkpoint LSN=368025
2025-07-08 21:01:44 0 [Note] InnoDB: 128 out of 128 rollback segments are active.
2025-07-08 21:01:44 0 [Note] InnoDB: Removed temporary tablespace data file: "ibtmp1"
2025-07-08 21:01:44 0 [Note] InnoDB: Creating shared tablespace for temporary tables
2025-07-08 21:01:44 0 [Note] InnoDB: Setting file 'D:\xampp\mysql\data\ibtmp1' size to 12 MB. Physically writing the file full; Please wait ...
2025-07-08 21:01:44 0 [Note] InnoDB: File 'D:\xampp\mysql\data\ibtmp1' size is now 12 MB.
2025-07-08 21:01:44 0 [Note] InnoDB: Waiting for purge to start
2025-07-08 21:01:44 0 [Note] InnoDB: 10.4.32 started; log sequence number 368106; transaction id 458
2025-07-08 21:01:44 0 [Note] Plugin 'FEEDBACK' is disabled.
2025-07-08 21:01:44 0 [Note] InnoDB: Loading buffer pool(s) from D:\xampp\mysql\data\ib_buffer_pool
2025-07-08 21:01:44 0 [Note] Server socket created on IP: '::'.
2025-07-08 21:01:44 0 [Note] InnoDB: Buffer pool(s) load completed at 250708 21:01:44
